 
Ansys Electronics Desktop Version 2024.2.0, Build: 2024-05-23 02:10:25
Location: /home/harry/opt/AnsysEM/v242/Linux64/ansysedt.exe
Non Graphical Mode: No Project??
Starting Batch Run: 5:51:20 PM  Jul 23, 2025
Temp directory: /tmp
Project directory: /home/harry/Ansoft
[info] GRPC server running on port: 45311.

[info] Project:xform_1_Project, Design:xform_1_Design (EddyCurrent), [PeetsFEA] 데스크톱을 초기화했습니다. (05:51:28 PM  Jul 23, 2025)
[info] Project:xform_1_Project, Design:xform_1_Design (EddyCurrent), Coordinate system '' does not exist. The rotation axis of the harmonic force setup is set to positive Global::Z (05:51:28 PM  Jul 23, 2025)
[info] Project:xform_1_Project, Design:xform_1_Design (EddyCurrent), [PeetsFEA] 랜덤시드validate_variable_4Core 622946621 (05:51:31 PM  Jul 23, 2025)
[info] Project:xform_1_Project, Design:xform_1_Design (EddyCurrent), [PeetsFEA] 랜덤시드validate_variable_4Tx 622946621 (05:51:31 PM  Jul 23, 2025)
[info] Project:xform_1_Project, Design:xform_1_Design (EddyCurrent), [PeetsFEA] 랜덤시드validate_variable_4Rx 622946621 (05:51:31 PM  Jul 23, 2025)
[info] Project:xform_1_Project, Design:xform_1_Design (EddyCurrent), [PeetsFEA] Core 생성 완료 (05:51:31 PM  Jul 23, 2025)
[info] Project:xform_1_Project, Design:xform_1_Design (EddyCurrent), [PeetsFEA] 랜덤시드validate_variable_4Tx 622946621 (05:51:31 PM  Jul 23, 2025)
[info] Project:xform_1_Project, Design:xform_1_Design (EddyCurrent), [PeetsFEA] 랜덤시드validate_variable_4Rx 622946621 (05:51:32 PM  Jul 23, 2025)
[info] Project:xform_1_Project, Design:xform_1_Design (EddyCurrent), [PeetsFEA] WindingTx 생성 완료 (05:51:33 PM  Jul 23, 2025)
[info] Project:xform_1_Project, Design:xform_1_Design (EddyCurrent), [PeetsFEA] WindingRx_False_True 생성 완료 (05:51:33 PM  Jul 23, 2025)
[info] Project:xform_1_Project, Design:xform_1_Design (EddyCurrent), [PeetsFEA] WindingRx_True_True 생성 완료 (05:51:33 PM  Jul 23, 2025)
[error] Project:xform_1_Project, Design:xform_1_Design (EddyCurrent), Find conduction path: Multilump bodies found unconnected, please separate them. Possible error bodies are 'Rx_False_True_1, Rx_True_True_1'. (05:51:34 PM  Jul 23, 2025)
[error] Project:xform_1_Project, Design:xform_1_Design (EddyCurrent), Find conduction path: 'Rx_1_icoil (Face_1351)' is not on any conduction path(s).  Please make sure that it is applied to a conducting object. (05:51:34 PM  Jul 23, 2025)
[error] Project:xform_1_Project, Design:xform_1_Design (EddyCurrent), Find conduction path: 'Rx_1_ocoil (Face_1263)' is not on any conduction path(s).  Please make sure that it is applied to a conducting object. (05:51:34 PM  Jul 23, 2025)
[error] Project:xform_1_Project, Design:xform_1_Design (EddyCurrent), Find conduction path: 'Rx_2_icoil (Face_1609)' is not on any conduction path(s).  Please make sure that it is applied to a conducting object. (05:51:34 PM  Jul 23, 2025)
[error] Project:xform_1_Project, Design:xform_1_Design (EddyCurrent), Find conduction path: 'Rx_2_ocoil (Face_1521)' is not on any conduction path(s).  Please make sure that it is applied to a conducting object. (05:51:34 PM  Jul 23, 2025)
[warning] Project:xform_1_Project, Design:xform_1_Design (EddyCurrent), Warning - Boundary 'Radiation' and Excitation 'Tx_1_icoil' overlap.   (05:51:34 PM  Jul 23, 2025)
[warning] Project:xform_1_Project, Design:xform_1_Design (EddyCurrent), Warning - Boundary 'Radiation' and Excitation 'Tx_1_ocoil' overlap.   (05:51:34 PM  Jul 23, 2025)
[warning] Project:xform_1_Project, Design:xform_1_Design (EddyCurrent), Warning - Boundary 'Radiation' and Excitation 'Rx_1_ocoil' overlap.   (05:51:34 PM  Jul 23, 2025)
[warning] Project:xform_1_Project, Design:xform_1_Design (EddyCurrent), Warning - Boundary 'Radiation' and Excitation 'Rx_2_icoil' overlap.   (05:51:34 PM  Jul 23, 2025)
[warning] Project:xform_1_Project, Design:xform_1_Design (EddyCurrent), Warning - Boundary 'Radiation' and Excitation 'Rx_1_icoil' overlap.   (05:51:34 PM  Jul 23, 2025)
[warning] Project:xform_1_Project, Design:xform_1_Design (EddyCurrent), Warning - Boundary 'Radiation' and Excitation 'Rx_2_ocoil' overlap.   (05:51:34 PM  Jul 23, 2025)
[error] Project:xform_1_Project, Design:xform_1_Design (EddyCurrent), Find conduction path: Multilump bodies found unconnected, please separate them. Possible error bodies are 'Rx_False_True_1, Rx_True_True_1'. (05:51:34 PM  Jul 23, 2025)
[error] Project:xform_1_Project, Design:xform_1_Design (EddyCurrent), Find conduction path: 'Rx_1_icoil (Face_1351)' is not on any conduction path(s).  Please make sure that it is applied to a conducting object. (05:51:34 PM  Jul 23, 2025)
[error] Project:xform_1_Project, Design:xform_1_Design (EddyCurrent), Find conduction path: 'Rx_1_ocoil (Face_1263)' is not on any conduction path(s).  Please make sure that it is applied to a conducting object. (05:51:34 PM  Jul 23, 2025)
[error] Project:xform_1_Project, Design:xform_1_Design (EddyCurrent), Find conduction path: 'Rx_2_icoil (Face_1609)' is not on any conduction path(s).  Please make sure that it is applied to a conducting object. (05:51:34 PM  Jul 23, 2025)
[error] Project:xform_1_Project, Design:xform_1_Design (EddyCurrent), Find conduction path: 'Rx_2_ocoil (Face_1521)' is not on any conduction path(s).  Please make sure that it is applied to a conducting object. (05:51:34 PM  Jul 23, 2025)
Stopping Batch Run: 5:51:37 PM  Jul 23, 2025
 
Ansys Electronics Desktop Version 2024.2.0, Build: 2024-05-23 02:10:25
Location: /home/harry/opt/AnsysEM/v242/Linux64/ansysedt.exe
Non Graphical Mode: No Project??
Starting Batch Run: 5:51:51 PM  Jul 23, 2025
Temp directory: /tmp
Project directory: /home/harry/Ansoft
[info] GRPC server running on port: 56215.

[info] Project:xform_1_Project, Design:xform_1_Design (EddyCurrent), [PeetsFEA] 데스크톱을 초기화했습니다. (05:51:59 PM  Jul 23, 2025)
[info] Project:xform_1_Project, Design:xform_1_Design (EddyCurrent), Coordinate system '' does not exist. The rotation axis of the harmonic force setup is set to positive Global::Z (05:51:59 PM  Jul 23, 2025)
[info] Project:xform_1_Project, Design:xform_1_Design (EddyCurrent), [PeetsFEA] 랜덤시드validate_variable_4Core 1145638142 (05:52:01 PM  Jul 23, 2025)
[info] Project:xform_1_Project, Design:xform_1_Design (EddyCurrent), [PeetsFEA] 랜덤시드validate_variable_4Tx 1145638142 (05:52:01 PM  Jul 23, 2025)
[info] Project:xform_1_Project, Design:xform_1_Design (EddyCurrent), [PeetsFEA] 랜덤시드validate_variable_4Rx 1145638142 (05:52:02 PM  Jul 23, 2025)
[info] Project:xform_1_Project, Design:xform_1_Design (EddyCurrent), [PeetsFEA] Core 생성 완료 (05:52:02 PM  Jul 23, 2025)
[info] Project:xform_1_Project, Design:xform_1_Design (EddyCurrent), [PeetsFEA] 랜덤시드validate_variable_4Tx 1145638142 (05:52:02 PM  Jul 23, 2025)
[info] Project:xform_1_Project, Design:xform_1_Design (EddyCurrent), [PeetsFEA] 랜덤시드validate_variable_4Rx 1145638142 (05:52:02 PM  Jul 23, 2025)
[info] Project:xform_1_Project, Design:xform_1_Design (EddyCurrent), [PeetsFEA] WindingTx 생성 완료 (05:52:03 PM  Jul 23, 2025)
[info] Project:xform_1_Project, Design:xform_1_Design (EddyCurrent), [PeetsFEA] WindingRx_False_True 생성 완료 (05:52:03 PM  Jul 23, 2025)
[info] Project:xform_1_Project, Design:xform_1_Design (EddyCurrent), [PeetsFEA] WindingRx_True_True 생성 완료 (05:52:04 PM  Jul 23, 2025)
[info] Project:xform_1_Project, Design:xform_1_Design (EddyCurrent), Verify conduction path: Conduction path validate success. (05:52:05 PM  Jul 23, 2025)
[error] Project:xform_1_Project, Design:xform_1_Design (EddyCurrent), Parts Tx_1 and Rx_True_True_1 intersect. (05:52:05 PM  Jul 23, 2025)
[error] Project:xform_1_Project, Design:xform_1_Design (EddyCurrent), Parts Tx_1 and Rx_False_True_1 intersect. (05:52:05 PM  Jul 23, 2025)
[warning] Project:xform_1_Project, Design:xform_1_Design (EddyCurrent), Warning - Boundary 'Radiation' and Excitation 'Rx_1_ocoil' overlap.   (05:52:05 PM  Jul 23, 2025)
[warning] Project:xform_1_Project, Design:xform_1_Design (EddyCurrent), Warning - Boundary 'Radiation' and Excitation 'Rx_2_ocoil' overlap.   (05:52:05 PM  Jul 23, 2025)
[warning] Project:xform_1_Project, Design:xform_1_Design (EddyCurrent), Warning - Boundary 'Radiation' and Excitation 'Rx_1_icoil' overlap.   (05:52:05 PM  Jul 23, 2025)
[warning] Project:xform_1_Project, Design:xform_1_Design (EddyCurrent), Warning - Boundary 'Radiation' and Excitation 'Rx_2_icoil' overlap.   (05:52:05 PM  Jul 23, 2025)
[warning] Project:xform_1_Project, Design:xform_1_Design (EddyCurrent), Warning - Boundary 'Radiation' and Excitation 'Tx_1_ocoil' overlap.   (05:52:05 PM  Jul 23, 2025)
[warning] Project:xform_1_Project, Design:xform_1_Design (EddyCurrent), Warning - Boundary 'Radiation' and Excitation 'Tx_1_icoil' overlap.   (05:52:05 PM  Jul 23, 2025)
[info] Project:xform_1_Project, Design:xform_1_Design (EddyCurrent), Verify conduction path: Conduction path validate success. (05:52:05 PM  Jul 23, 2025)
Stopping Batch Run: 5:52:07 PM  Jul 23, 2025
 
Ansys Electronics Desktop Version 2024.2.0, Build: 2024-05-23 02:10:25
Location: /home/harry/opt/AnsysEM/v242/Linux64/ansysedt.exe
Non Graphical Mode: No Project??
Starting Batch Run: 5:56:07 PM  Jul 23, 2025
Temp directory: /tmp
Project directory: /home/harry/Ansoft
[info] GRPC server running on port: 43335.

[info] Project:xform_1_Project, Design:xform_1_Design (EddyCurrent), [PeetsFEA] 데스크톱을 초기화했습니다. (05:56:16 PM  Jul 23, 2025)
[info] Project:xform_1_Project, Design:xform_1_Design (EddyCurrent), Coordinate system '' does not exist. The rotation axis of the harmonic force setup is set to positive Global::Z (05:56:16 PM  Jul 23, 2025)
[info] Project:xform_1_Project, Design:xform_1_Design (EddyCurrent), [PeetsFEA] 랜덤시드validate_variable_4Core 560501509 (05:56:18 PM  Jul 23, 2025)
[info] Project:xform_1_Project, Design:xform_1_Design (EddyCurrent), [PeetsFEA] 랜덤시드validate_variable_4Tx 560501509 (05:56:19 PM  Jul 23, 2025)
[info] Project:xform_1_Project, Design:xform_1_Design (EddyCurrent), [PeetsFEA] 랜덤시드validate_variable_4Rx 560501509 (05:56:19 PM  Jul 23, 2025)
[info] Project:xform_1_Project, Design:xform_1_Design (EddyCurrent), [PeetsFEA] Core 생성 완료 (05:56:19 PM  Jul 23, 2025)
[info] Project:xform_1_Project, Design:xform_1_Design (EddyCurrent), [PeetsFEA] 랜덤시드validate_variable_4Tx 560501509 (05:56:19 PM  Jul 23, 2025)
[info] Project:xform_1_Project, Design:xform_1_Design (EddyCurrent), [PeetsFEA] 랜덤시드validate_variable_4Rx 560501509 (05:56:19 PM  Jul 23, 2025)
[info] Project:xform_1_Project, Design:xform_1_Design (EddyCurrent), [PeetsFEA] WindingTx 생성 완료 (05:56:20 PM  Jul 23, 2025)
[info] Project:xform_1_Project, Design:xform_1_Design (EddyCurrent), [PeetsFEA] WindingRx_False_True 생성 완료 (05:56:20 PM  Jul 23, 2025)
[info] Project:xform_1_Project, Design:xform_1_Design (EddyCurrent), [PeetsFEA] WindingRx_True_True 생성 완료 (05:56:21 PM  Jul 23, 2025)
[error] Project:xform_1_Project, Design:xform_1_Design (EddyCurrent), Find conduction path: Multilump bodies found unconnected, please separate them. Possible error bodies are 'Tx_1, Rx_False_True_1, Rx_True_True_1'. (05:56:22 PM  Jul 23, 2025)
[error] Project:xform_1_Project, Design:xform_1_Design (EddyCurrent), Find conduction path: 'Tx_1_icoil (Face_759)' is not on any conduction path(s).  Please make sure that it is applied to a conducting object. (05:56:22 PM  Jul 23, 2025)
[error] Project:xform_1_Project, Design:xform_1_Design (EddyCurrent), Find conduction path: 'Tx_1_ocoil (Face_383)' is not on any conduction path(s).  Please make sure that it is applied to a conducting object. (05:56:22 PM  Jul 23, 2025)
[error] Project:xform_1_Project, Design:xform_1_Design (EddyCurrent), Find conduction path: 'Rx_1_icoil (Face_1303)' is not on any conduction path(s).  Please make sure that it is applied to a conducting object. (05:56:22 PM  Jul 23, 2025)
[error] Project:xform_1_Project, Design:xform_1_Design (EddyCurrent), Find conduction path: 'Rx_1_ocoil (Face_1215)' is not on any conduction path(s).  Please make sure that it is applied to a conducting object. (05:56:22 PM  Jul 23, 2025)
[error] Project:xform_1_Project, Design:xform_1_Design (EddyCurrent), Find conduction path: 'Rx_2_icoil (Face_1561)' is not on any conduction path(s).  Please make sure that it is applied to a conducting object. (05:56:22 PM  Jul 23, 2025)
[error] Project:xform_1_Project, Design:xform_1_Design (EddyCurrent), Find conduction path: 'Rx_2_ocoil (Face_1473)' is not on any conduction path(s).  Please make sure that it is applied to a conducting object. (05:56:22 PM  Jul 23, 2025)
[warning] Project:xform_1_Project, Design:xform_1_Design (EddyCurrent), Warning - Boundary 'Radiation' and Excitation 'Rx_1_ocoil' overlap.   (05:56:22 PM  Jul 23, 2025)
[warning] Project:xform_1_Project, Design:xform_1_Design (EddyCurrent), Warning - Boundary 'Radiation' and Excitation 'Rx_1_icoil' overlap.   (05:56:22 PM  Jul 23, 2025)
[warning] Project:xform_1_Project, Design:xform_1_Design (EddyCurrent), Warning - Boundary 'Radiation' and Excitation 'Rx_2_ocoil' overlap.   (05:56:22 PM  Jul 23, 2025)
[warning] Project:xform_1_Project, Design:xform_1_Design (EddyCurrent), Warning - Boundary 'Radiation' and Excitation 'Rx_2_icoil' overlap.   (05:56:22 PM  Jul 23, 2025)
[warning] Project:xform_1_Project, Design:xform_1_Design (EddyCurrent), Warning - Boundary 'Radiation' and Excitation 'Tx_1_icoil' overlap.   (05:56:22 PM  Jul 23, 2025)
[warning] Project:xform_1_Project, Design:xform_1_Design (EddyCurrent), Warning - Boundary 'Radiation' and Excitation 'Tx_1_ocoil' overlap.   (05:56:22 PM  Jul 23, 2025)
[error] Project:xform_1_Project, Design:xform_1_Design (EddyCurrent), Find conduction path: Multilump bodies found unconnected, please separate them. Possible error bodies are 'Tx_1, Rx_False_True_1, Rx_True_True_1'. (05:56:22 PM  Jul 23, 2025)
[error] Project:xform_1_Project, Design:xform_1_Design (EddyCurrent), Find conduction path: 'Tx_1_icoil (Face_759)' is not on any conduction path(s).  Please make sure that it is applied to a conducting object. (05:56:22 PM  Jul 23, 2025)
[error] Project:xform_1_Project, Design:xform_1_Design (EddyCurrent), Find conduction path: 'Tx_1_ocoil (Face_383)' is not on any conduction path(s).  Please make sure that it is applied to a conducting object. (05:56:22 PM  Jul 23, 2025)
[error] Project:xform_1_Project, Design:xform_1_Design (EddyCurrent), Find conduction path: 'Rx_1_icoil (Face_1303)' is not on any conduction path(s).  Please make sure that it is applied to a conducting object. (05:56:22 PM  Jul 23, 2025)
[error] Project:xform_1_Project, Design:xform_1_Design (EddyCurrent), Find conduction path: 'Rx_1_ocoil (Face_1215)' is not on any conduction path(s).  Please make sure that it is applied to a conducting object. (05:56:22 PM  Jul 23, 2025)
[error] Project:xform_1_Project, Design:xform_1_Design (EddyCurrent), Find conduction path: 'Rx_2_icoil (Face_1561)' is not on any conduction path(s).  Please make sure that it is applied to a conducting object. (05:56:22 PM  Jul 23, 2025)
[error] Project:xform_1_Project, Design:xform_1_Design (EddyCurrent), Find conduction path: 'Rx_2_ocoil (Face_1473)' is not on any conduction path(s).  Please make sure that it is applied to a conducting object. (05:56:22 PM  Jul 23, 2025)
Stopping Batch Run: 5:56:24 PM  Jul 23, 2025
 
Ansys Electronics Desktop Version 2024.2.0, Build: 2024-05-23 02:10:25
Location: /home/harry/opt/AnsysEM/v242/Linux64/ansysedt.exe
Non Graphical Mode: No Project??
Starting Batch Run: 5:56:38 PM  Jul 23, 2025
Temp directory: /tmp
Project directory: /home/harry/Ansoft
[info] GRPC server running on port: 45327.

[info] Project:xform_1_Project, Design:xform_1_Design (EddyCurrent), [PeetsFEA] 데스크톱을 초기화했습니다. (05:56:46 PM  Jul 23, 2025)
[info] Project:xform_1_Project, Design:xform_1_Design (EddyCurrent), Coordinate system '' does not exist. The rotation axis of the harmonic force setup is set to positive Global::Z (05:56:46 PM  Jul 23, 2025)
[info] Project:xform_1_Project, Design:xform_1_Design (EddyCurrent), [PeetsFEA] 랜덤시드validate_variable_4Core 923120600 (05:56:49 PM  Jul 23, 2025)
[info] Project:xform_1_Project, Design:xform_1_Design (EddyCurrent), [PeetsFEA] 랜덤시드validate_variable_4Tx 923120600 (05:56:49 PM  Jul 23, 2025)
[info] Project:xform_1_Project, Design:xform_1_Design (EddyCurrent), [PeetsFEA] 랜덤시드validate_variable_4Rx 923120600 (05:56:49 PM  Jul 23, 2025)
[info] Project:xform_1_Project, Design:xform_1_Design (EddyCurrent), [PeetsFEA] Core 생성 완료 (05:56:49 PM  Jul 23, 2025)
[info] Project:xform_1_Project, Design:xform_1_Design (EddyCurrent), [PeetsFEA] 랜덤시드validate_variable_4Tx 923120600 (05:56:49 PM  Jul 23, 2025)
[info] Project:xform_1_Project, Design:xform_1_Design (EddyCurrent), [PeetsFEA] 랜덤시드validate_variable_4Rx 923120600 (05:56:50 PM  Jul 23, 2025)
[info] Project:xform_1_Project, Design:xform_1_Design (EddyCurrent), [PeetsFEA] WindingTx 생성 완료 (05:56:50 PM  Jul 23, 2025)
[info] Project:xform_1_Project, Design:xform_1_Design (EddyCurrent), [PeetsFEA] WindingRx_False_True 생성 완료 (05:56:51 PM  Jul 23, 2025)
[info] Project:xform_1_Project, Design:xform_1_Design (EddyCurrent), [PeetsFEA] WindingRx_True_True 생성 완료 (05:56:51 PM  Jul 23, 2025)
[info] Project:xform_1_Project, Design:xform_1_Design (EddyCurrent), Verify conduction path: Conduction path validate success. (05:56:52 PM  Jul 23, 2025)
[warning] Project:xform_1_Project, Design:xform_1_Design (EddyCurrent), Warning - Boundary 'Radiation' and Excitation 'Rx_1_ocoil' overlap.   (05:56:52 PM  Jul 23, 2025)
[warning] Project:xform_1_Project, Design:xform_1_Design (EddyCurrent), Warning - Boundary 'Radiation' and Excitation 'Rx_2_icoil' overlap.   (05:56:52 PM  Jul 23, 2025)
[warning] Project:xform_1_Project, Design:xform_1_Design (EddyCurrent), Warning - Boundary 'Radiation' and Excitation 'Rx_1_icoil' overlap.   (05:56:52 PM  Jul 23, 2025)
[warning] Project:xform_1_Project, Design:xform_1_Design (EddyCurrent), Warning - Boundary 'Radiation' and Excitation 'Rx_2_ocoil' overlap.   (05:56:52 PM  Jul 23, 2025)
[warning] Project:xform_1_Project, Design:xform_1_Design (EddyCurrent), Warning - Boundary 'Radiation' and Excitation 'Tx_1_ocoil' overlap.   (05:56:52 PM  Jul 23, 2025)
[warning] Project:xform_1_Project, Design:xform_1_Design (EddyCurrent), Warning - Boundary 'Radiation' and Excitation 'Tx_1_icoil' overlap.   (05:56:52 PM  Jul 23, 2025)
[info] Project:xform_1_Project, Design:xform_1_Design (EddyCurrent), Verify conduction path: Conduction path validate success. (05:56:52 PM  Jul 23, 2025)
[warning] Project:xform_1_Project, Design:xform_1_Design (EddyCurrent), Warning - Boundary 'Radiation' and Excitation 'Tx_1_ocoil' overlap.   (05:56:55 PM  Jul 23, 2025)
[warning] Project:xform_1_Project, Design:xform_1_Design (EddyCurrent), Warning - Boundary 'Radiation' and Excitation 'Tx_1_icoil' overlap.   (05:56:55 PM  Jul 23, 2025)
[warning] Project:xform_1_Project, Design:xform_1_Design (EddyCurrent), Warning - Boundary 'Radiation' and Excitation 'Rx_1_ocoil' overlap.   (05:56:55 PM  Jul 23, 2025)
[warning] Project:xform_1_Project, Design:xform_1_Design (EddyCurrent), Warning - Boundary 'Radiation' and Excitation 'Rx_2_ocoil' overlap.   (05:56:55 PM  Jul 23, 2025)
[warning] Project:xform_1_Project, Design:xform_1_Design (EddyCurrent), Warning - Boundary 'Radiation' and Excitation 'Rx_2_icoil' overlap.   (05:56:55 PM  Jul 23, 2025)
[warning] Project:xform_1_Project, Design:xform_1_Design (EddyCurrent), Warning - Boundary 'Radiation' and Excitation 'Rx_1_icoil' overlap.   (05:56:55 PM  Jul 23, 2025)
[info] Project:xform_1_Project, Design:xform_1_Design (EddyCurrent), Verify conduction path: Conduction path validate success. (05:56:55 PM  Jul 23, 2025)
[info] Project:xform_1_Project, Design:xform_1_Design (EddyCurrent), Normal completion of simulation on server: Local Machine. (05:59:09 PM  Jul 23, 2025)
[info] Project:xform_1_Project, Design:xform_1_Design (EddyCurrent), Normal completion of simulation on server: Local Machine. (05:59:13 PM  Jul 23, 2025)
[warning] Project:xform_1_Project, Design:xform_1_Design (EddyCurrent), The variable  'Phase' doesn't have an associated sweep and is excluded from the definition of trace. (05:59:13 PM  Jul 23, 2025)
[warning] Project:xform_1_Project, Design:xform_1_Design (EddyCurrent), The variable  'Distance' doesn't have an associated sweep and is excluded from the definition of trace. (05:59:13 PM  Jul 23, 2025)
[warning] Project:xform_1_Project, Design:xform_1_Design_coreloss (EddyCurrent), Excitation 'Tx_1_icoil':  Parent winding has been deleted. (05:59:15 PM  Jul 23, 2025)
[warning] Project:xform_1_Project, Design:xform_1_Design_coreloss (EddyCurrent), Excitation 'Tx_1_ocoil':  Parent winding has been deleted. (05:59:15 PM  Jul 23, 2025)
[info] Project:xform_1_Project, Design:xform_1_Design_coreloss (EddyCurrent), Matrix 'Matrix1': Matrix is edited due to change of source. (05:59:15 PM  Jul 23, 2025)
[warning] Project:xform_1_Project, Design:xform_1_Design_coreloss (EddyCurrent), Excitation 'Rx_1_icoil':  Parent winding has been deleted. (05:59:15 PM  Jul 23, 2025)
[warning] Project:xform_1_Project, Design:xform_1_Design_coreloss (EddyCurrent), Excitation 'Rx_1_ocoil':  Parent winding has been deleted. (05:59:15 PM  Jul 23, 2025)
[info] Project:xform_1_Project, Design:xform_1_Design_coreloss (EddyCurrent), Matrix 'Matrix1': Matrix is edited due to change of source. (05:59:15 PM  Jul 23, 2025)
[warning] Project:xform_1_Project, Design:xform_1_Design_coreloss (EddyCurrent), Excitation 'Rx_2_icoil':  Parent winding has been deleted. (05:59:15 PM  Jul 23, 2025)
[warning] Project:xform_1_Project, Design:xform_1_Design_coreloss (EddyCurrent), Excitation 'Rx_2_ocoil':  Parent winding has been deleted. (05:59:15 PM  Jul 23, 2025)
[info] Project:xform_1_Project, Design:xform_1_Design_coreloss (EddyCurrent), Matrix 'Matrix1': Matrix is deleted due to deletion of source. (05:59:15 PM  Jul 23, 2025)
[info] Project:xform_1_Project, Design:xform_1_Design_coreloss (EddyCurrent), Verify conduction path: Conduction path validate success. (05:59:15 PM  Jul 23, 2025)
[warning] Project:xform_1_Project, Design:xform_1_Design_coreloss (EddyCurrent), GPU acceleration will be disabled when automatic settings is selected in Analysis Configuration (05:59:17 PM  Jul 23, 2025)
[warning] Project:xform_1_Project, Design:xform_1_Design_coreloss (EddyCurrent), Warning - Boundary 'Radiation' and Excitation 'Rx_2_ocoil' overlap.   (05:59:18 PM  Jul 23, 2025)
[warning] Project:xform_1_Project, Design:xform_1_Design_coreloss (EddyCurrent), Warning - Boundary 'Radiation' and Excitation 'Rx_2_icoil' overlap.   (05:59:18 PM  Jul 23, 2025)
[warning] Project:xform_1_Project, Design:xform_1_Design_coreloss (EddyCurrent), Warning - Boundary 'Radiation' and Excitation 'Rx_1_icoil' overlap.   (05:59:18 PM  Jul 23, 2025)
[warning] Project:xform_1_Project, Design:xform_1_Design_coreloss (EddyCurrent), Warning - Boundary 'Radiation' and Excitation 'Rx_1_ocoil' overlap.   (05:59:18 PM  Jul 23, 2025)
[warning] Project:xform_1_Project, Design:xform_1_Design_coreloss (EddyCurrent), Warning - Boundary 'Radiation' and Excitation 'Tx_1_icoil' overlap.   (05:59:18 PM  Jul 23, 2025)
[warning] Project:xform_1_Project, Design:xform_1_Design_coreloss (EddyCurrent), Warning - Boundary 'Radiation' and Excitation 'Tx_1_ocoil' overlap.   (05:59:18 PM  Jul 23, 2025)
[info] Project:xform_1_Project, Design:xform_1_Design_coreloss (EddyCurrent), Verify conduction path: Conduction path validate success. (05:59:18 PM  Jul 23, 2025)
[info] Project:xform_1_Project, Design:xform_1_Design_coreloss (EddyCurrent), Normal completion of simulation on server: Local Machine. (06:00:08 PM  Jul 23, 2025)
[warning] Project:xform_1_Project, Design:xform_1_Design_coreloss (EddyCurrent), The variable  'Phase' doesn't have an associated sweep and is excluded from the definition of trace. (06:00:09 PM  Jul 23, 2025)
[warning] Project:xform_1_Project, Design:xform_1_Design_coreloss (EddyCurrent), The variable  'Distance' doesn't have an associated sweep and is excluded from the definition of trace. (06:00:09 PM  Jul 23, 2025)
Stopping Batch Run: 6:00:15 PM  Jul 23, 2025
 
Ansys Electronics Desktop Version 2024.2.0, Build: 2024-05-23 02:10:25
Location: /home/harry/opt/AnsysEM/v242/Linux64/ansysedt.exe
Non Graphical Mode: No Project??
Starting Batch Run: 6:00:28 PM  Jul 23, 2025
Temp directory: /tmp
Project directory: /home/harry/Ansoft
[info] GRPC server running on port: 58771.

[info] Project:xform_1_Project, Design:xform_1_Design (EddyCurrent), [PeetsFEA] 데스크톱을 초기화했습니다. (06:00:36 PM  Jul 23, 2025)
[info] Project:xform_1_Project, Design:xform_1_Design (EddyCurrent), Coordinate system '' does not exist. The rotation axis of the harmonic force setup is set to positive Global::Z (06:00:36 PM  Jul 23, 2025)
[info] Project:xform_1_Project, Design:xform_1_Design (EddyCurrent), [PeetsFEA] 랜덤시드validate_variable_4Core 3544134291 (06:00:39 PM  Jul 23, 2025)
[info] Project:xform_1_Project, Design:xform_1_Design (EddyCurrent), [PeetsFEA] 랜덤시드validate_variable_4Tx 3544134291 (06:00:39 PM  Jul 23, 2025)
[info] Project:xform_1_Project, Design:xform_1_Design (EddyCurrent), [PeetsFEA] 랜덤시드validate_variable_4Rx 3544134291 (06:00:39 PM  Jul 23, 2025)
[info] Project:xform_1_Project, Design:xform_1_Design (EddyCurrent), [PeetsFEA] Core 생성 완료 (06:00:39 PM  Jul 23, 2025)
[info] Project:xform_1_Project, Design:xform_1_Design (EddyCurrent), [PeetsFEA] 랜덤시드validate_variable_4Tx 3544134291 (06:00:39 PM  Jul 23, 2025)
[info] Project:xform_1_Project, Design:xform_1_Design (EddyCurrent), [PeetsFEA] 랜덤시드validate_variable_4Rx 3544134291 (06:00:40 PM  Jul 23, 2025)
[info] Project:xform_1_Project, Design:xform_1_Design (EddyCurrent), [PeetsFEA] WindingTx 생성 완료 (06:00:41 PM  Jul 23, 2025)
[info] Project:xform_1_Project, Design:xform_1_Design (EddyCurrent), [PeetsFEA] WindingRx_False_True 생성 완료 (06:00:41 PM  Jul 23, 2025)
[info] Project:xform_1_Project, Design:xform_1_Design (EddyCurrent), [PeetsFEA] WindingRx_True_True 생성 완료 (06:00:41 PM  Jul 23, 2025)
[info] Project:xform_1_Project, Design:xform_1_Design (EddyCurrent), Verify conduction path: Conduction path validate success. (06:00:42 PM  Jul 23, 2025)
[warning] Project:xform_1_Project, Design:xform_1_Design (EddyCurrent), Warning - Boundary 'Radiation' and Excitation 'Rx_1_icoil' overlap.   (06:00:42 PM  Jul 23, 2025)
[warning] Project:xform_1_Project, Design:xform_1_Design (EddyCurrent), Warning - Boundary 'Radiation' and Excitation 'Rx_2_icoil' overlap.   (06:00:42 PM  Jul 23, 2025)
[warning] Project:xform_1_Project, Design:xform_1_Design (EddyCurrent), Warning - Boundary 'Radiation' and Excitation 'Rx_1_ocoil' overlap.   (06:00:42 PM  Jul 23, 2025)
[warning] Project:xform_1_Project, Design:xform_1_Design (EddyCurrent), Warning - Boundary 'Radiation' and Excitation 'Rx_2_ocoil' overlap.   (06:00:42 PM  Jul 23, 2025)
[warning] Project:xform_1_Project, Design:xform_1_Design (EddyCurrent), Warning - Boundary 'Radiation' and Excitation 'Tx_1_ocoil' overlap.   (06:00:42 PM  Jul 23, 2025)
[warning] Project:xform_1_Project, Design:xform_1_Design (EddyCurrent), Warning - Boundary 'Radiation' and Excitation 'Tx_1_icoil' overlap.   (06:00:42 PM  Jul 23, 2025)
[info] Project:xform_1_Project, Design:xform_1_Design (EddyCurrent), Verify conduction path: Conduction path validate success. (06:00:42 PM  Jul 23, 2025)
[warning] Project:xform_1_Project, Design:xform_1_Design (EddyCurrent), Warning - Boundary 'Radiation' and Excitation 'Tx_1_ocoil' overlap.   (06:00:45 PM  Jul 23, 2025)
[warning] Project:xform_1_Project, Design:xform_1_Design (EddyCurrent), Warning - Boundary 'Radiation' and Excitation 'Tx_1_icoil' overlap.   (06:00:45 PM  Jul 23, 2025)
[warning] Project:xform_1_Project, Design:xform_1_Design (EddyCurrent), Warning - Boundary 'Radiation' and Excitation 'Rx_1_ocoil' overlap.   (06:00:45 PM  Jul 23, 2025)
[warning] Project:xform_1_Project, Design:xform_1_Design (EddyCurrent), Warning - Boundary 'Radiation' and Excitation 'Rx_1_icoil' overlap.   (06:00:45 PM  Jul 23, 2025)
[warning] Project:xform_1_Project, Design:xform_1_Design (EddyCurrent), Warning - Boundary 'Radiation' and Excitation 'Rx_2_ocoil' overlap.   (06:00:45 PM  Jul 23, 2025)
[warning] Project:xform_1_Project, Design:xform_1_Design (EddyCurrent), Warning - Boundary 'Radiation' and Excitation 'Rx_2_icoil' overlap.   (06:00:45 PM  Jul 23, 2025)
[info] Project:xform_1_Project, Design:xform_1_Design (EddyCurrent), Verify conduction path: Conduction path validate success. (06:00:45 PM  Jul 23, 2025)
 
Ansys Electronics Desktop Version 2024.2.0, Build: 2024-05-23 02:10:25
Location: /home/harry/opt/AnsysEM/v242/Linux64/ansysedt.exe
Non Graphical Mode: No Project??
Starting Batch Run: 6:02:53 PM  Jul 23, 2025
Temp directory: /tmp
Project directory: /home/harry/Ansoft
[info] GRPC server running on port: 40055.

[info] Project:xform_1_Project, Design:xform_1_Design (EddyCurrent), [PeetsFEA] 데스크톱을 초기화했습니다. (06:03:02 PM  Jul 23, 2025)
[info] Project:xform_1_Project, Design:xform_1_Design (EddyCurrent), Coordinate system '' does not exist. The rotation axis of the harmonic force setup is set to positive Global::Z (06:03:02 PM  Jul 23, 2025)
[info] Project:xform_1_Project, Design:xform_1_Design (EddyCurrent), [PeetsFEA] 랜덤시드validate_variable_4Core 1918986378 (06:03:04 PM  Jul 23, 2025)
[info] Project:xform_1_Project, Design:xform_1_Design (EddyCurrent), [PeetsFEA] 랜덤시드validate_variable_4Tx 1918986378 (06:03:04 PM  Jul 23, 2025)
[info] Project:xform_1_Project, Design:xform_1_Design (EddyCurrent), [PeetsFEA] 랜덤시드validate_variable_4Rx 1918986378 (06:03:05 PM  Jul 23, 2025)
[info] Project:xform_1_Project, Design:xform_1_Design (EddyCurrent), [PeetsFEA] Core 생성 완료 (06:03:05 PM  Jul 23, 2025)
[info] Project:xform_1_Project, Design:xform_1_Design (EddyCurrent), [PeetsFEA] 랜덤시드validate_variable_4Tx 1918986378 (06:03:05 PM  Jul 23, 2025)
[info] Project:xform_1_Project, Design:xform_1_Design (EddyCurrent), [PeetsFEA] 랜덤시드validate_variable_4Rx 1918986378 (06:03:05 PM  Jul 23, 2025)
[info] Project:xform_1_Project, Design:xform_1_Design (EddyCurrent), [PeetsFEA] WindingTx 생성 완료 (06:03:06 PM  Jul 23, 2025)
[info] Project:xform_1_Project, Design:xform_1_Design (EddyCurrent), [PeetsFEA] WindingRx_False_True 생성 완료 (06:03:06 PM  Jul 23, 2025)
[info] Project:xform_1_Project, Design:xform_1_Design (EddyCurrent), [PeetsFEA] WindingRx_True_True 생성 완료 (06:03:07 PM  Jul 23, 2025)
[error] Project:xform_1_Project, Design:xform_1_Design (EddyCurrent), Find conduction path: Multilump bodies found unconnected, please separate them. Possible error bodies are 'Tx_1'. (06:03:08 PM  Jul 23, 2025)
[error] Project:xform_1_Project, Design:xform_1_Design (EddyCurrent), Find conduction path: 'Tx_1_icoil (Face_759)' is not on any conduction path(s).  Please make sure that it is applied to a conducting object. (06:03:08 PM  Jul 23, 2025)
[error] Project:xform_1_Project, Design:xform_1_Design (EddyCurrent), Find conduction path: 'Tx_1_ocoil (Face_383)' is not on any conduction path(s).  Please make sure that it is applied to a conducting object. (06:03:08 PM  Jul 23, 2025)
[error] Project:xform_1_Project, Design:xform_1_Design (EddyCurrent), Find conduction path: 'Rx_1_icoil (Face_1303)' is not on any conduction path(s).  Please make sure that it is applied to a conducting object. (06:03:08 PM  Jul 23, 2025)
[error] Project:xform_1_Project, Design:xform_1_Design (EddyCurrent), Find conduction path: 'Rx_1_ocoil (Face_1215)' is not on any conduction path(s).  Please make sure that it is applied to a conducting object. (06:03:08 PM  Jul 23, 2025)
[error] Project:xform_1_Project, Design:xform_1_Design (EddyCurrent), Find conduction path: 'Rx_2_icoil (Face_1609)' is not on any conduction path(s).  Please make sure that it is applied to a conducting object. (06:03:08 PM  Jul 23, 2025)
[error] Project:xform_1_Project, Design:xform_1_Design (EddyCurrent), Find conduction path: 'Rx_2_ocoil (Face_1521)' is not on any conduction path(s).  Please make sure that it is applied to a conducting object. (06:03:08 PM  Jul 23, 2025)
[error] Project:xform_1_Project, Design:xform_1_Design (EddyCurrent), Parts Tx_1 and Rx_True_True_1 intersect. (06:03:09 PM  Jul 23, 2025)
[error] Project:xform_1_Project, Design:xform_1_Design (EddyCurrent), Parts Tx_1 and Rx_False_True_1 intersect. (06:03:09 PM  Jul 23, 2025)
[error] Project:xform_1_Project, Design:xform_1_Design (EddyCurrent), Parts Rx_True_True_1 and Rx_False_True_1 intersect. (06:03:09 PM  Jul 23, 2025)
[warning] Project:xform_1_Project, Design:xform_1_Design (EddyCurrent), Warning - Boundary 'Radiation' and Excitation 'Tx_1_ocoil' overlap.   (06:03:09 PM  Jul 23, 2025)
[warning] Project:xform_1_Project, Design:xform_1_Design (EddyCurrent), Warning - Boundary 'Radiation' and Excitation 'Tx_1_icoil' overlap.   (06:03:09 PM  Jul 23, 2025)
[warning] Project:xform_1_Project, Design:xform_1_Design (EddyCurrent), Warning - Boundary 'Radiation' and Excitation 'Rx_2_icoil' overlap.   (06:03:09 PM  Jul 23, 2025)
[warning] Project:xform_1_Project, Design:xform_1_Design (EddyCurrent), Warning - Boundary 'Radiation' and Excitation 'Rx_1_icoil' overlap.   (06:03:09 PM  Jul 23, 2025)
[warning] Project:xform_1_Project, Design:xform_1_Design (EddyCurrent), Warning - Boundary 'Radiation' and Excitation 'Rx_2_ocoil' overlap.   (06:03:09 PM  Jul 23, 2025)
[warning] Project:xform_1_Project, Design:xform_1_Design (EddyCurrent), Warning - Boundary 'Radiation' and Excitation 'Rx_1_ocoil' overlap.   (06:03:09 PM  Jul 23, 2025)
[error] Project:xform_1_Project, Design:xform_1_Design (EddyCurrent), Find conduction path: Multilump bodies found unconnected, please separate them. Possible error bodies are 'Tx_1'. (06:03:09 PM  Jul 23, 2025)
[error] Project:xform_1_Project, Design:xform_1_Design (EddyCurrent), Find conduction path: 'Tx_1_icoil (Face_759)' is not on any conduction path(s).  Please make sure that it is applied to a conducting object. (06:03:09 PM  Jul 23, 2025)
[error] Project:xform_1_Project, Design:xform_1_Design (EddyCurrent), Find conduction path: 'Tx_1_ocoil (Face_383)' is not on any conduction path(s).  Please make sure that it is applied to a conducting object. (06:03:09 PM  Jul 23, 2025)
[error] Project:xform_1_Project, Design:xform_1_Design (EddyCurrent), Find conduction path: 'Rx_1_icoil (Face_1303)' is not on any conduction path(s).  Please make sure that it is applied to a conducting object. (06:03:09 PM  Jul 23, 2025)
[error] Project:xform_1_Project, Design:xform_1_Design (EddyCurrent), Find conduction path: 'Rx_1_ocoil (Face_1215)' is not on any conduction path(s).  Please make sure that it is applied to a conducting object. (06:03:09 PM  Jul 23, 2025)
[error] Project:xform_1_Project, Design:xform_1_Design (EddyCurrent), Find conduction path: 'Rx_2_icoil (Face_1609)' is not on any conduction path(s).  Please make sure that it is applied to a conducting object. (06:03:09 PM  Jul 23, 2025)
[error] Project:xform_1_Project, Design:xform_1_Design (EddyCurrent), Find conduction path: 'Rx_2_ocoil (Face_1521)' is not on any conduction path(s).  Please make sure that it is applied to a conducting object. (06:03:09 PM  Jul 23, 2025)
Stopping Batch Run: 6:03:10 PM  Jul 23, 2025
 
Ansys Electronics Desktop Version 2024.2.0, Build: 2024-05-23 02:10:25
Location: /home/harry/opt/AnsysEM/v242/Linux64/ansysedt.exe
Non Graphical Mode: No Project??
Starting Batch Run: 6:03:23 PM  Jul 23, 2025
Temp directory: /tmp
Project directory: /home/harry/Ansoft
[info] GRPC server running on port: 57735.

[info] Project:xform_1_Project, Design:xform_1_Design (EddyCurrent), [PeetsFEA] 데스크톱을 초기화했습니다. (06:03:33 PM  Jul 23, 2025)
[info] Project:xform_1_Project, Design:xform_1_Design (EddyCurrent), Coordinate system '' does not exist. The rotation axis of the harmonic force setup is set to positive Global::Z (06:03:33 PM  Jul 23, 2025)
[info] Project:xform_1_Project, Design:xform_1_Design (EddyCurrent), [PeetsFEA] 랜덤시드validate_variable_4Core 2501604887 (06:03:35 PM  Jul 23, 2025)
[info] Project:xform_1_Project, Design:xform_1_Design (EddyCurrent), [PeetsFEA] 랜덤시드validate_variable_4Tx 2501604887 (06:03:35 PM  Jul 23, 2025)
[info] Project:xform_1_Project, Design:xform_1_Design (EddyCurrent), [PeetsFEA] 랜덤시드validate_variable_4Rx 2501604887 (06:03:36 PM  Jul 23, 2025)
[info] Project:xform_1_Project, Design:xform_1_Design (EddyCurrent), [PeetsFEA] Core 생성 완료 (06:03:36 PM  Jul 23, 2025)
[info] Project:xform_1_Project, Design:xform_1_Design (EddyCurrent), [PeetsFEA] 랜덤시드validate_variable_4Tx 2501604887 (06:03:36 PM  Jul 23, 2025)
[info] Project:xform_1_Project, Design:xform_1_Design (EddyCurrent), [PeetsFEA] 랜덤시드validate_variable_4Rx 2501604887 (06:03:36 PM  Jul 23, 2025)
